HI-TECH Software C Compiler 

Linker command line:

--edf=C:\Program Files (x86)\HI-TECH Software\PICC\9.81\dat\en_msgs.txt -cs \
  -h+dist/default/production\Btap_lon_12.X.production.sym -z -Q16F877A \
  -ol.obj -Mdist/default/production/Btap_lon_12.X.production.map -E1 \
  -ACONST=00h-0FFhx32 -ACODE=00h-07FFhx4 -ASTRCODE=00h-01FFFh \
  -AENTRY=00h-0FFhx32 -ASTRING=00h-0FFhx32 -ABANK0=020h-06Fh \
  -ABANK1=0A0h-0EFh -ABANK2=0110h-016Fh -ABANK3=0190h-01EFh \
  -ARAM=020h-06Fh,0A0h-0EFh,0110h-016Fh,0190h-01EFh \
  -AABS1=020h-07Fh,0A0h-0EFh,0110h-016Fh,0190h-01EFh -ACOMMON=070h-07Fh \
  -ASFR0=00h-01Fh -ASFR1=080h-09Fh -ASFR2=0100h-010Fh -ASFR3=0180h-018Fh \
  -preset_vec=00h,intentry,init,end_init -ppowerup=CODE -pfunctab=CODE \
  -ACONFIG=02007h-02007h -pconfig=CONFIG -DCONFIG=2 -AIDLOC=02000h-02003h \
  -pidloc=IDLOC -DIDLOC=2 -AEEDATA=00h-0FFh/02100h -peeprom_data=EEDATA \
  -DEEDATA=2 -DCODE=2 -DSTRCODE=2 -DSTRING=2 -DCONST=2 -DENTRY=2 -k \
  C:\Users\TRANHA~1\AppData\Local\Temp\sfa4.obj \
  dist/default/production\Btap_lon_12.X.production.obj 

Object code version is 3.10

Machine type is 16F877A



                Name                               Link     Load   Length Selector   Space Scale
C:\Users\TRANHA~1\AppData\Local\Temp\sfa4.obj
                end_init                              0        0        3        0       0
dist/default/production\Btap_lon_12.X.production.obj
                config                             2007     2007        1     400E       0
                text88                              714      714       30      E28       0
                text87                              744      744       30      E88       0
                text86                              6DA      6DA       19      DB4       0
                text85                              6F3      6F3       21      DE6       0
                maintext                            774      774       8C      EE8       0
                cstackCOMMON                         70       70        3       70       1
                bssCOMMON                            73       73        2       70       1
                cinit                               6D4      6D4        6      DA8       0
                strings                               3        3       37        6       0

TOTAL           Name                               Link     Load   Length     Space
        CLASS   CONST          

        CLASS   CODE           
                end_init                              0        0        3         0
                text88                              714      714       30         0
                text87                              744      744       30         0
                text86                              6DA      6DA       19         0
                text85                              6F3      6F3       21         0
                maintext                            774      774       8C         0
                cinit                               6D4      6D4        6         0

        CLASS   STRCODE        

        CLASS   ENTRY          

        CLASS   STRING         
                strings                               3        3       37         0

        CLASS   BANK0          

        CLASS   BANK1          

        CLASS   BANK2          

        CLASS   BANK3          

        CLASS   RAM            

        CLASS   ABS1           
                abs_s1                               7E       7E        2         1

        CLASS   COMMON         
                cstackCOMMON                         70       70        3         1
                bssCOMMON                            73       73        2         1

        CLASS   SFR0           

        CLASS   SFR1           

        CLASS   SFR2           

        CLASS   SFR3           

        CLASS   CONFIG         
                config                             2007     2007        1         0

        CLASS   IDLOC          

        CLASS   EEDATA         



SEGMENTS        Name                           Load    Length   Top    Selector   Space  Class     Delta

                reset_vec                      000000  000003  000003         0       0  CODE        2
                strings                        000003  000037  00003A         6       0  STRING      2
                cstackCOMMON                   000070  000005  000075        70       1  COMMON      1
                cinit                          0006D4  000006  0006DA       DA8       0  CODE        2
                text86                         0006DA  000019  0006F3       DB4       0  CODE        2
                text85                         0006F3  000021  000714       DE6       0  CODE        2
                text88                         000714  000030  000744       E28       0  CODE        2
                text87                         000744  000030  000774       E88       0  CODE        2
                maintext                       000774  00008C  000800       EE8       0  CODE        2
                config                         002007  000001  002008      400E       0  CONFIG      2


UNUSED ADDRESS RANGES

        Name                Unused          Largest block    Delta
        BANK0            0020-006F             50           1
        BANK1            00A0-00EF             50           1
        BANK2            0110-016F             60           1
        BANK3            0190-01EF             60           1
        CODE             003A-06D3            69A           2
                         0800-1FFF            800
        COMMON           0075-007D              9           1
        CONST            003A-06D3            100           2
                         0800-1FFF            100
        EEDATA           2100-21FF            100           2
        ENTRY            003A-06D3            100           2
                         0800-1FFF            100
        IDLOC            2000-2003              4           2
        RAM              0020-006F             50           1
                         00A0-00EF             50
                         0110-016F             60
                         0190-01EF             60
        SFR0             0000-001F             20           1
        SFR1             0080-009F             20           1
        SFR2             0100-010F             10           1
        SFR3             0180-018F             10           1
        STRCODE          003A-06D3            69A           2
                         0800-1FFF           1800
        STRING           003A-06D3            100           2
                         0800-1FFF            100

                                  Symbol Table

??_cmd                cstackCOMMON 0070
??_dat                cstackCOMMON 0070
??_lcd_init           cstackCOMMON 0071
??_main               cstackCOMMON 0073
??_show               cstackCOMMON 0071
?_cmd                 cstackCOMMON 0070
?_dat                 cstackCOMMON 0070
?_lcd_init            cstackCOMMON 0070
?_main                cstackCOMMON 0070
?_show                cstackCOMMON 0070
_PORTB                (abs)        0006
_RC0                  (abs)        0038
_RC1                  (abs)        0039
_RC2                  (abs)        003A
_RD0                  (abs)        0040
_TRISB                (abs)        0086
_TRISC0               (abs)        0438
_TRISC1               (abs)        0439
_TRISC2               (abs)        043A
_TRISD                (abs)        0088
__Habs1               abs1         0000
__Hbank0              bank0        0000
__Hbank1              bank1        0000
__Hbank2              bank2        0000
__Hbank3              bank3        0000
__HbssCOMMON          bssCOMMON    0000
__Hcinit              cinit        0000
__Hclrtext            clrtext      0000
__Hcode               code         0000
__Hcommon             common       0000
__Hconfig             config       2008
__HcstackCOMMON       cstackCOMMON 0000
__Heeprom_data        eeprom_data  0000
__Hend_init           end_init     0003
__Hfunctab            functab      0000
__Hidloc              idloc        0000
__Hinit               init         0000
__Hintentry           intentry     0000
__Hmaintext           maintext     0000
__Hpowerup            powerup      0000
__Hram                ram          0000
__Hreset_vec          reset_vec    0000
__Hsfr0               sfr0         0000
__Hsfr1               sfr1         0000
__Hsfr2               sfr2         0000
__Hsfr3               sfr3         0000
__Hstrings            strings      0000
__Htext               text         0000
__Labs1               abs1         0000
__Lbank0              bank0        0000
__Lbank1              bank1        0000
__Lbank2              bank2        0000
__Lbank3              bank3        0000
__LbssCOMMON          bssCOMMON    0000
__Lcinit              cinit        0000
__Lclrtext            clrtext      0000
__Lcode               code         0000
__Lcommon             common       0000
__Lconfig             config       2007
__LcstackCOMMON       cstackCOMMON 0000
__Leeprom_data        eeprom_data  0000
__Lend_init           end_init     0000
__Lfunctab            functab      0000
__Lidloc              idloc        0000
__Linit               init         0000
__Lintentry           intentry     0000
__Lmaintext           maintext     0000
__Lpowerup            powerup      0000
__Lram                ram          0000
__Lreset_vec          reset_vec    0000
__Lsfr0               sfr0         0000
__Lsfr1               sfr1         0000
__Lsfr2               sfr2         0000
__Lsfr3               sfr3         0000
__Lstrings            strings      0000
__Ltext               text         0000
__S0                  (abs)        2008
__S1                  (abs)        0075
__S2                  (abs)        0000
__end_of_cmd          text88       0744
__end_of_dat          text87       0774
__end_of_lcd_init     text86       06F3
__end_of_main         maintext     0800
__end_of_show         text85       0714
__pbssCOMMON          bssCOMMON    0073
__pcstackCOMMON       cstackCOMMON 0070
__pmaintext           maintext     0774
__pstrings            strings      0003
__ptext84             text84       0000
__ptext85             text85       06F3
__ptext86             text86       06DA
__ptext87             text87       0744
__ptext88             text88       0714
__ptext89             text89       0000
__size_of_cmd         (abs)        0000
__size_of_dat         (abs)        0000
__size_of_lcd_init    (abs)        0000
__size_of_main        (abs)        0000
__size_of_show        (abs)        0000
_cmd                  text88       0714
_dat                  text87       0744
_exit                 init         0000
_i                    bssCOMMON    0073
_lcd_init             text86       06DA
_main                 maintext     0774
_show                 text85       06F3
btemp                 (abs)        007E
cmd@a                 cstackCOMMON 0070
dat@b                 cstackCOMMON 0070
end_of_initialization cinit        06D6
intlevel0             functab      0000
intlevel1             functab      0000
intlevel2             functab      0000
intlevel3             functab      0000
intlevel4             functab      0000
intlevel5             functab      0000
reset_vec             reset_vec    0000
show@s                cstackCOMMON 0072
start                 init         0000
start_initialization  cinit        06D4
wtemp0                (abs)        007E
